
> app@1.0.0 start /app
> http-server ./apps -o --cors

Starting up http-server, serving ./apps

http-server version: 14.1.1

http-server settings:
CORS: true
Cache: 3600 seconds
Connection Timeout: 120 seconds
Directory Listings: visible
AutoIndex: visible
Serve GZIP Files: false
Serve Brotli Files: false
Default File Extension: none

Available on:
  http://127.0.0.1:8080
  http://192.168.0.2:8080
Hit CTRL-C to stop the server
Open: http://127.0.0.1:8080

[2026-03-21T22:59:31.791Z]  "GET /" "Lynx/2.9.0 libwww-FM/2.14 SSL-MM/1.4.1 GNUTLS/3.8.3"
(node:2505) [DEP0066] DeprecationWarning: OutgoingMessage.prototype._headers is deprecated
(Use `node --trace-deprecation ...` to show where the warning was created)
[2026-03-21T22:59:37.420Z]  "GET /HeIsRisen/m/index.html" "Mozilla/5.0 (X11; Linux x86_64) AppleWebKit/537.36 (KHTML, like Gecko) HeadlessChrome/145.0.7632.6 Safari/537.36"
[2026-03-21T22:59:38.097Z]  "GET /HeIsRisen/m/styles.css" "Mozilla/5.0 (X11; Linux x86_64) AppleWebKit/537.36 (KHTML, like Gecko) HeadlessChrome/145.0.7632.6 Safari/537.36"
[2026-03-21T22:59:39.166Z]  "GET /HeIsRisen/m/main.js" "Mozilla/5.0 (X11; Linux x86_64) AppleWebKit/537.36 (KHTML, like Gecko) HeadlessChrome/145.0.7632.6 Safari/537.36"
[2026-03-21T22:59:39.527Z]  "GET /HeIsRisen/m/assets/symbols.json" "Mozilla/5.0 (X11; Linux x86_64) AppleWebKit/537.36 (KHTML, like Gecko) HeadlessChrome/145.0.7632.6 Safari/537.36"
[2026-03-21T22:59:39.529Z]  "GET /HeIsRisen/m/assets/map/map_sections.json" "Mozilla/5.0 (X11; Linux x86_64) AppleWebKit/537.36 (KHTML, like Gecko) HeadlessChrome/145.0.7632.6 Safari/537.36"
[2026-03-21T22:59:39.549Z]  "GET /HeIsRisen/m/assets/objects/level-complete-stamp.png" "Mozilla/5.0 (X11; Linux x86_64) AppleWebKit/537.36 (KHTML, like Gecko) HeadlessChrome/145.0.7632.6 Safari/537.36"
[2026-03-21T22:59:39.550Z]  "GET /HeIsRisen/m/assets/cursor/pointer-finger-pointer.png" "Mozilla/5.0 (X11; Linux x86_64) AppleWebKit/537.36 (KHTML, like Gecko) HeadlessChrome/145.0.7632.6 Safari/537.36"
[2026-03-21T22:59:39.550Z]  "GET /HeIsRisen/m/assets/audio/background-music.mp3" "Mozilla/5.0 (X11; Linux x86_64) AppleWebKit/537.36 (KHTML, like Gecko) HeadlessChrome/145.0.7632.6 Safari/537.36"
[2026-03-21T22:59:39.552Z]  "GET /HeIsRisen/m/assets/audio/collect1.mp3" "Mozilla/5.0 (X11; Linux x86_64) AppleWebKit/537.36 (KHTML, like Gecko) HeadlessChrome/145.0.7632.6 Safari/537.36"
[2026-03-21T22:59:39.552Z]  "GET /HeIsRisen/m/assets/audio/success.wav" "Mozilla/5.0 (X11; Linux x86_64) AppleWebKit/537.36 (KHTML, like Gecko) HeadlessChrome/145.0.7632.6 Safari/537.36"
[2026-03-21T22:59:39.553Z]  "GET /HeIsRisen/m/assets/audio/error.wav" "Mozilla/5.0 (X11; Linux x86_64) AppleWebKit/537.36 (KHTML, like Gecko) HeadlessChrome/145.0.7632.6 Safari/537.36"
[2026-03-21T22:59:39.591Z]  "GET /HeIsRisen/m/assets/audio/ambient1.mp3" "Mozilla/5.0 (X11; Linux x86_64) AppleWebKit/537.36 (KHTML, like Gecko) HeadlessChrome/145.0.7632.6 Safari/537.36"
[2026-03-21T22:59:39.592Z]  "GET /HeIsRisen/m/assets/audio/ambient2.mp3" "Mozilla/5.0 (X11; Linux x86_64) AppleWebKit/537.36 (KHTML, like Gecko) HeadlessChrome/145.0.7632.6 Safari/537.36"
[2026-03-21T22:59:39.597Z]  "GET /HeIsRisen/m/assets/audio/ambient3.mp3" "Mozilla/5.0 (X11; Linux x86_64) AppleWebKit/537.36 (KHTML, like Gecko) HeadlessChrome/145.0.7632.6 Safari/537.36"
[2026-03-21T22:59:39.597Z]  "GET /HeIsRisen/m/assets/audio/ambient4.mp3" "Mozilla/5.0 (X11; Linux x86_64) AppleWebKit/537.36 (KHTML, like Gecko) HeadlessChrome/145.0.7632.6 Safari/537.36"
[2026-03-21T22:59:39.601Z]  "GET /HeIsRisen/m/assets/audio/ambient5.mp3" "Mozilla/5.0 (X11; Linux x86_64) AppleWebKit/537.36 (KHTML, like Gecko) HeadlessChrome/145.0.7632.6 Safari/537.36"
[2026-03-21T22:59:39.634Z]  "GET /HeIsRisen/m/assets/audio/ambient6.mp3" "Mozilla/5.0 (X11; Linux x86_64) AppleWebKit/537.36 (KHTML, like Gecko) HeadlessChrome/145.0.7632.6 Safari/537.36"
[2026-03-21T22:59:39.635Z]  "GET /HeIsRisen/m/assets/audio/ambient7.mp3" "Mozilla/5.0 (X11; Linux x86_64) AppleWebKit/537.36 (KHTML, like Gecko) HeadlessChrome/145.0.7632.6 Safari/537.36"
[2026-03-21T22:59:39.664Z]  "GET /HeIsRisen/m/assets/audio/ambient8.mp3" "Mozilla/5.0 (X11; Linux x86_64) AppleWebKit/537.36 (KHTML, like Gecko) HeadlessChrome/145.0.7632.6 Safari/537.36"
[2026-03-21T22:59:39.667Z]  "GET /HeIsRisen/m/assets/audio/ambient9.mp3" "Mozilla/5.0 (X11; Linux x86_64) AppleWebKit/537.36 (KHTML, like Gecko) HeadlessChrome/145.0.7632.6 Safari/537.36"
[2026-03-21T22:59:39.671Z]  "GET /HeIsRisen/m/assets/audio/ambient10.mp3" "Mozilla/5.0 (X11; Linux x86_64) AppleWebKit/537.36 (KHTML, like Gecko) HeadlessChrome/145.0.7632.6 Safari/537.36"
[2026-03-21T22:59:39.672Z]  "GET /HeIsRisen/m/assets/audio/fart.mp3" "Mozilla/5.0 (X11; Linux x86_64) AppleWebKit/537.36 (KHTML, like Gecko) HeadlessChrome/145.0.7632.6 Safari/537.36"
[2026-03-21T22:59:39.676Z]  "GET /HeIsRisen/m/assets/audio/menu-click.mp3" "Mozilla/5.0 (X11; Linux x86_64) AppleWebKit/537.36 (KHTML, like Gecko) HeadlessChrome/145.0.7632.6 Safari/537.36"
[2026-03-21T22:59:39.725Z]  "GET /HeIsRisen/m/assets/audio/drive1.mp3" "Mozilla/5.0 (X11; Linux x86_64) AppleWebKit/537.36 (KHTML, like Gecko) HeadlessChrome/145.0.7632.6 Safari/537.36"
[2026-03-21T22:59:39.727Z]  "GET /HeIsRisen/m/assets/audio/drive2.mp3" "Mozilla/5.0 (X11; Linux x86_64) AppleWebKit/537.36 (KHTML, like Gecko) HeadlessChrome/145.0.7632.6 Safari/537.36"
[2026-03-21T22:59:39.739Z]  "GET /HeIsRisen/m/assets/map/new-map.png" "Mozilla/5.0 (X11; Linux x86_64) AppleWebKit/537.36 (KHTML, like Gecko) HeadlessChrome/145.0.7632.6 Safari/537.36"
[2026-03-21T22:59:39.780Z]  "GET /HeIsRisen/m/assets/objects/cog.png" "Mozilla/5.0 (X11; Linux x86_64) AppleWebKit/537.36 (KHTML, like Gecko) HeadlessChrome/145.0.7632.6 Safari/537.36"
[2026-03-21T22:59:39.785Z]  "GET /HeIsRisen/m/assets/cursor/magnifying-glass.png" "Mozilla/5.0 (X11; Linux x86_64) AppleWebKit/537.36 (KHTML, like Gecko) HeadlessChrome/145.0.7632.6 Safari/537.36"
[2026-03-21T22:59:39.785Z]  "GET /HeIsRisen/m/assets/objects/egg-zit-button.png" "Mozilla/5.0 (X11; Linux x86_64) AppleWebKit/537.36 (KHTML, like Gecko) HeadlessChrome/145.0.7632.6 Safari/537.36"
[2026-03-21T22:59:39.786Z]  "GET /HeIsRisen/m/assets/objects/eggs-ammin-haul.png" "Mozilla/5.0 (X11; Linux x86_64) AppleWebKit/537.36 (KHTML, like Gecko) HeadlessChrome/145.0.7632.6 Safari/537.36"
[2026-03-21T22:59:39.813Z]  "GET /HeIsRisen/m/assets/objects/score.png" "Mozilla/5.0 (X11; Linux x86_64) AppleWebKit/537.36 (KHTML, like Gecko) HeadlessChrome/145.0.7632.6 Safari/537.36"
[2026-03-21T22:59:39.820Z]  "GET /HeIsRisen/m/assets/map/egg-zam-room.png" "Mozilla/5.0 (X11; Linux x86_64) AppleWebKit/537.36 (KHTML, like Gecko) HeadlessChrome/145.0.7632.6 Safari/537.36"
[2026-03-21T22:59:39.821Z]  "GET /HeIsRisen/m/assets/objects/egg-zamminer.png" "Mozilla/5.0 (X11; Linux x86_64) AppleWebKit/537.36 (KHTML, like Gecko) HeadlessChrome/145.0.7632.6 Safari/537.36"
[2026-03-21T22:59:39.824Z]  "GET /HeIsRisen/m/assets/objects/symbol-result-summary-diag.png" "Mozilla/5.0 (X11; Linux x86_64) AppleWebKit/537.36 (KHTML, like Gecko) HeadlessChrome/145.0.7632.6 Safari/537.36"
[2026-03-21T22:59:39.832Z]  "GET /HeIsRisen/m/assets/eggs/egg-1.png" "Mozilla/5.0 (X11; Linux x86_64) AppleWebKit/537.36 (KHTML, like Gecko) HeadlessChrome/145.0.7632.6 Safari/537.36"
[2026-03-21T22:59:39.867Z]  "GET /HeIsRisen/m/assets/eggs/egg-2.png" "Mozilla/5.0 (X11; Linux x86_64) AppleWebKit/537.36 (KHTML, like Gecko) HeadlessChrome/145.0.7632.6 Safari/537.36"
[2026-03-21T22:59:39.879Z]  "GET /HeIsRisen/m/assets/eggs/egg-3.png" "Mozilla/5.0 (X11; Linux x86_64) AppleWebKit/537.36 (KHTML, like Gecko) HeadlessChrome/145.0.7632.6 Safari/537.36"
[2026-03-21T22:59:39.888Z]  "GET /HeIsRisen/m/assets/eggs/egg-4.png" "Mozilla/5.0 (X11; Linux x86_64) AppleWebKit/537.36 (KHTML, like Gecko) HeadlessChrome/145.0.7632.6 Safari/537.36"
[2026-03-21T22:59:39.899Z]  "GET /HeIsRisen/m/assets/eggs/egg-5.png" "Mozilla/5.0 (X11; Linux x86_64) AppleWebKit/537.36 (KHTML, like Gecko) HeadlessChrome/145.0.7632.6 Safari/537.36"
[2026-03-21T22:59:39.900Z]  "GET /HeIsRisen/m/assets/eggs/egg-6.png" "Mozilla/5.0 (X11; Linux x86_64) AppleWebKit/537.36 (KHTML, like Gecko) HeadlessChrome/145.0.7632.6 Safari/537.36"
[2026-03-21T22:59:39.903Z]  "GET /HeIsRisen/m/assets/eggs/egg-7.png" "Mozilla/5.0 (X11; Linux x86_64) AppleWebKit/537.36 (KHTML, like Gecko) HeadlessChrome/145.0.7632.6 Safari/537.36"
[2026-03-21T22:59:39.934Z]  "GET /HeIsRisen/m/assets/eggs/egg-8.png" "Mozilla/5.0 (X11; Linux x86_64) AppleWebKit/537.36 (KHTML, like Gecko) HeadlessChrome/145.0.7632.6 Safari/537.36"
[2026-03-21T22:59:40.043Z]  "GET /HeIsRisen/m/assets/eggs/egg-9.png" "Mozilla/5.0 (X11; Linux x86_64) AppleWebKit/537.36 (KHTML, like Gecko) HeadlessChrome/145.0.7632.6 Safari/537.36"
[2026-03-21T22:59:40.044Z]  "GET /HeIsRisen/m/assets/eggs/egg-10.png" "Mozilla/5.0 (X11; Linux x86_64) AppleWebKit/537.36 (KHTML, like Gecko) HeadlessChrome/145.0.7632.6 Safari/537.36"
[2026-03-21T22:59:40.054Z]  "GET /HeIsRisen/m/assets/eggs/egg-11.png" "Mozilla/5.0 (X11; Linux x86_64) AppleWebKit/537.36 (KHTML, like Gecko) HeadlessChrome/145.0.7632.6 Safari/537.36"
[2026-03-21T22:59:40.065Z]  "GET /HeIsRisen/m/assets/eggs/egg-12.png" "Mozilla/5.0 (X11; Linux x86_64) AppleWebKit/537.36 (KHTML, like Gecko) HeadlessChrome/145.0.7632.6 Safari/537.36"
[2026-03-21T22:59:40.065Z]  "GET /HeIsRisen/m/assets/eggs/egg-13.png" "Mozilla/5.0 (X11; Linux x86_64) AppleWebKit/537.36 (KHTML, like Gecko) HeadlessChrome/145.0.7632.6 Safari/537.36"
[2026-03-21T22:59:40.067Z]  "GET /HeIsRisen/m/assets/eggs/egg-14.png" "Mozilla/5.0 (X11; Linux x86_64) AppleWebKit/537.36 (KHTML, like Gecko) HeadlessChrome/145.0.7632.6 Safari/537.36"
[2026-03-21T22:59:40.067Z]  "GET /HeIsRisen/m/assets/eggs/egg-15.png" "Mozilla/5.0 (X11; Linux x86_64) AppleWebKit/537.36 (KHTML, like Gecko) HeadlessChrome/145.0.7632.6 Safari/537.36"
[2026-03-21T22:59:40.067Z]  "GET /HeIsRisen/m/assets/eggs/egg-16.png" "Mozilla/5.0 (X11; Linux x86_64) AppleWebKit/537.36 (KHTML, like Gecko) HeadlessChrome/145.0.7632.6 Safari/537.36"
[2026-03-21T22:59:40.325Z]  "GET /HeIsRisen/m/assets/eggs/egg-17.png" "Mozilla/5.0 (X11; Linux x86_64) AppleWebKit/537.36 (KHTML, like Gecko) HeadlessChrome/145.0.7632.6 Safari/537.36"
[2026-03-21T22:59:40.326Z]  "GET /HeIsRisen/m/assets/eggs/egg-18.png" "Mozilla/5.0 (X11; Linux x86_64) AppleWebKit/537.36 (KHTML, like Gecko) HeadlessChrome/145.0.7632.6 Safari/537.36"
[2026-03-21T22:59:40.326Z]  "GET /HeIsRisen/m/assets/eggs/egg-19.png" "Mozilla/5.0 (X11; Linux x86_64) AppleWebKit/537.36 (KHTML, like Gecko) HeadlessChrome/145.0.7632.6 Safari/537.36"
[2026-03-21T22:59:40.329Z]  "GET /HeIsRisen/m/assets/eggs/egg-20.png" "Mozilla/5.0 (X11; Linux x86_64) AppleWebKit/537.36 (KHTML, like Gecko) HeadlessChrome/145.0.7632.6 Safari/537.36"
[2026-03-21T22:59:40.334Z]  "GET /HeIsRisen/m/assets/eggs/egg-21.png" "Mozilla/5.0 (X11; Linux x86_64) AppleWebKit/537.36 (KHTML, like Gecko) HeadlessChrome/145.0.7632.6 Safari/537.36"
[2026-03-21T22:59:40.335Z]  "GET /HeIsRisen/m/assets/eggs/egg-22.png" "Mozilla/5.0 (X11; Linux x86_64) AppleWebKit/537.36 (KHTML, like Gecko) HeadlessChrome/145.0.7632.6 Safari/537.36"
[2026-03-21T22:59:40.354Z]  "GET /HeIsRisen/m/assets/eggs/egg-23.png" "Mozilla/5.0 (X11; Linux x86_64) AppleWebKit/537.36 (KHTML, like Gecko) HeadlessChrome/145.0.7632.6 Safari/537.36"
[2026-03-21T22:59:40.369Z]  "GET /HeIsRisen/m/assets/eggs/egg-24.png" "Mozilla/5.0 (X11; Linux x86_64) AppleWebKit/537.36 (KHTML, like Gecko) HeadlessChrome/145.0.7632.6 Safari/537.36"
[2026-03-21T22:59:40.465Z]  "GET /HeIsRisen/m/assets/eggs/egg-25.png" "Mozilla/5.0 (X11; Linux x86_64) AppleWebKit/537.36 (KHTML, like Gecko) HeadlessChrome/145.0.7632.6 Safari/537.36"
[2026-03-21T22:59:40.466Z]  "GET /HeIsRisen/m/assets/eggs/egg-26.png" "Mozilla/5.0 (X11; Linux x86_64) AppleWebKit/537.36 (KHTML, like Gecko) HeadlessChrome/145.0.7632.6 Safari/537.36"
[2026-03-21T22:59:40.466Z]  "GET /HeIsRisen/m/assets/eggs/egg-27.png" "Mozilla/5.0 (X11; Linux x86_64) AppleWebKit/537.36 (KHTML, like Gecko) HeadlessChrome/145.0.7632.6 Safari/537.36"
[2026-03-21T22:59:40.467Z]  "GET /HeIsRisen/m/assets/eggs/egg-28.png" "Mozilla/5.0 (X11; Linux x86_64) AppleWebKit/537.36 (KHTML, like Gecko) HeadlessChrome/145.0.7632.6 Safari/537.36"
[2026-03-21T22:59:40.467Z]  "GET /HeIsRisen/m/assets/eggs/egg-29.png" "Mozilla/5.0 (X11; Linux x86_64) AppleWebKit/537.36 (KHTML, like Gecko) HeadlessChrome/145.0.7632.6 Safari/537.36"
[2026-03-21T22:59:40.469Z]  "GET /HeIsRisen/m/assets/eggs/egg-30.png" "Mozilla/5.0 (X11; Linux x86_64) AppleWebKit/537.36 (KHTML, like Gecko) HeadlessChrome/145.0.7632.6 Safari/537.36"
[2026-03-21T22:59:40.495Z]  "GET /HeIsRisen/m/assets/eggs/egg-31.png" "Mozilla/5.0 (X11; Linux x86_64) AppleWebKit/537.36 (KHTML, like Gecko) HeadlessChrome/145.0.7632.6 Safari/537.36"
[2026-03-21T22:59:40.497Z]  "GET /HeIsRisen/m/assets/eggs/egg-32.png" "Mozilla/5.0 (X11; Linux x86_64) AppleWebKit/537.36 (KHTML, like Gecko) HeadlessChrome/145.0.7632.6 Safari/537.36"
[2026-03-21T22:59:40.497Z]  "GET /HeIsRisen/m/assets/eggs/egg-33.png" "Mozilla/5.0 (X11; Linux x86_64) AppleWebKit/537.36 (KHTML, like Gecko) HeadlessChrome/145.0.7632.6 Safari/537.36"
[2026-03-21T22:59:40.498Z]  "GET /HeIsRisen/m/assets/eggs/egg-34.png" "Mozilla/5.0 (X11; Linux x86_64) AppleWebKit/537.36 (KHTML, like Gecko) HeadlessChrome/145.0.7632.6 Safari/537.36"
[2026-03-21T22:59:40.498Z]  "GET /HeIsRisen/m/assets/eggs/egg-35.png" "Mozilla/5.0 (X11; Linux x86_64) AppleWebKit/537.36 (KHTML, like Gecko) HeadlessChrome/145.0.7632.6 Safari/537.36"
[2026-03-21T22:59:40.499Z]  "GET /HeIsRisen/m/assets/eggs/egg-36.png" "Mozilla/5.0 (X11; Linux x86_64) AppleWebKit/537.36 (KHTML, like Gecko) HeadlessChrome/145.0.7632.6 Safari/537.36"
[2026-03-21T22:59:40.517Z]  "GET /HeIsRisen/m/assets/eggs/egg-37.png" "Mozilla/5.0 (X11; Linux x86_64) AppleWebKit/537.36 (KHTML, like Gecko) HeadlessChrome/145.0.7632.6 Safari/537.36"
[2026-03-21T22:59:40.518Z]  "GET /HeIsRisen/m/assets/eggs/egg-38.png" "Mozilla/5.0 (X11; Linux x86_64) AppleWebKit/537.36 (KHTML, like Gecko) HeadlessChrome/145.0.7632.6 Safari/537.36"
[2026-03-21T22:59:40.518Z]  "GET /HeIsRisen/m/assets/eggs/egg-39.png" "Mozilla/5.0 (X11; Linux x86_64) AppleWebKit/537.36 (KHTML, like Gecko) HeadlessChrome/145.0.7632.6 Safari/537.36"
[2026-03-21T22:59:40.519Z]  "GET /HeIsRisen/m/assets/eggs/egg-40.png" "Mozilla/5.0 (X11; Linux x86_64) AppleWebKit/537.36 (KHTML, like Gecko) HeadlessChrome/145.0.7632.6 Safari/537.36"
[2026-03-21T22:59:40.520Z]  "GET /HeIsRisen/m/assets/eggs/egg-41.png" "Mozilla/5.0 (X11; Linux x86_64) AppleWebKit/537.36 (KHTML, like Gecko) HeadlessChrome/145.0.7632.6 Safari/537.36"
[2026-03-21T22:59:40.520Z]  "GET /HeIsRisen/m/assets/eggs/egg-42.png" "Mozilla/5.0 (X11; Linux x86_64) AppleWebKit/537.36 (KHTML, like Gecko) HeadlessChrome/145.0.7632.6 Safari/537.36"
[2026-03-21T22:59:40.540Z]  "GET /HeIsRisen/m/assets/eggs/egg-43.png" "Mozilla/5.0 (X11; Linux x86_64) AppleWebKit/537.36 (KHTML, like Gecko) HeadlessChrome/145.0.7632.6 Safari/537.36"
[2026-03-21T22:59:40.540Z]  "GET /HeIsRisen/m/assets/eggs/egg-44.png" "Mozilla/5.0 (X11; Linux x86_64) AppleWebKit/537.36 (KHTML, like Gecko) HeadlessChrome/145.0.7632.6 Safari/537.36"
[2026-03-21T22:59:40.542Z]  "GET /HeIsRisen/m/assets/eggs/egg-45.png" "Mozilla/5.0 (X11; Linux x86_64) AppleWebKit/537.36 (KHTML, like Gecko) HeadlessChrome/145.0.7632.6 Safari/537.36"
[2026-03-21T22:59:40.543Z]  "GET /HeIsRisen/m/assets/eggs/egg-46.png" "Mozilla/5.0 (X11; Linux x86_64) AppleWebKit/537.36 (KHTML, like Gecko) HeadlessChrome/145.0.7632.6 Safari/537.36"
[2026-03-21T22:59:40.547Z]  "GET /HeIsRisen/m/assets/eggs/egg-47.png" "Mozilla/5.0 (X11; Linux x86_64) AppleWebKit/537.36 (KHTML, like Gecko) HeadlessChrome/145.0.7632.6 Safari/537.36"
[2026-03-21T22:59:40.547Z]  "GET /HeIsRisen/m/assets/eggs/egg-48.png" "Mozilla/5.0 (X11; Linux x86_64) AppleWebKit/537.36 (KHTML, like Gecko) HeadlessChrome/145.0.7632.6 Safari/537.36"
[2026-03-21T22:59:40.562Z]  "GET /HeIsRisen/m/assets/eggs/egg-49.png" "Mozilla/5.0 (X11; Linux x86_64) AppleWebKit/537.36 (KHTML, like Gecko) HeadlessChrome/145.0.7632.6 Safari/537.36"
[2026-03-21T22:59:40.563Z]  "GET /HeIsRisen/m/assets/eggs/egg-50.png" "Mozilla/5.0 (X11; Linux x86_64) AppleWebKit/537.36 (KHTML, like Gecko) HeadlessChrome/145.0.7632.6 Safari/537.36"
[2026-03-21T22:59:40.563Z]  "GET /HeIsRisen/m/assets/eggs/egg-51.png" "Mozilla/5.0 (X11; Linux x86_64) AppleWebKit/537.36 (KHTML, like Gecko) HeadlessChrome/145.0.7632.6 Safari/537.36"
[2026-03-21T22:59:40.563Z]  "GET /HeIsRisen/m/assets/eggs/egg-52.png" "Mozilla/5.0 (X11; Linux x86_64) AppleWebKit/537.36 (KHTML, like Gecko) HeadlessChrome/145.0.7632.6 Safari/537.36"
[2026-03-21T22:59:40.570Z]  "GET /HeIsRisen/m/assets/eggs/egg-53.png" "Mozilla/5.0 (X11; Linux x86_64) AppleWebKit/537.36 (KHTML, like Gecko) HeadlessChrome/145.0.7632.6 Safari/537.36"
[2026-03-21T22:59:40.571Z]  "GET /HeIsRisen/m/assets/eggs/egg-54.png" "Mozilla/5.0 (X11; Linux x86_64) AppleWebKit/537.36 (KHTML, like Gecko) HeadlessChrome/145.0.7632.6 Safari/537.36"
[2026-03-21T22:59:40.582Z]  "GET /HeIsRisen/m/assets/eggs/egg-55.png" "Mozilla/5.0 (X11; Linux x86_64) AppleWebKit/537.36 (KHTML, like Gecko) HeadlessChrome/145.0.7632.6 Safari/537.36"
[2026-03-21T22:59:40.582Z]  "GET /HeIsRisen/m/assets/eggs/egg-56.png" "Mozilla/5.0 (X11; Linux x86_64) AppleWebKit/537.36 (KHTML, like Gecko) HeadlessChrome/145.0.7632.6 Safari/537.36"
[2026-03-21T22:59:40.606Z]  "GET /HeIsRisen/m/assets/eggs/egg-57.png" "Mozilla/5.0 (X11; Linux x86_64) AppleWebKit/537.36 (KHTML, like Gecko) HeadlessChrome/145.0.7632.6 Safari/537.36"
[2026-03-21T22:59:40.607Z]  "GET /HeIsRisen/m/assets/eggs/egg-58.png" "Mozilla/5.0 (X11; Linux x86_64) AppleWebKit/537.36 (KHTML, like Gecko) HeadlessChrome/145.0.7632.6 Safari/537.36"
[2026-03-21T22:59:40.614Z]  "GET /HeIsRisen/m/assets/eggs/egg-59.png" "Mozilla/5.0 (X11; Linux x86_64) AppleWebKit/537.36 (KHTML, like Gecko) HeadlessChrome/145.0.7632.6 Safari/537.36"
[2026-03-21T22:59:40.615Z]  "GET /HeIsRisen/m/assets/eggs/egg-60.png" "Mozilla/5.0 (X11; Linux x86_64) AppleWebKit/537.36 (KHTML, like Gecko) HeadlessChrome/145.0.7632.6 Safari/537.36"
[2026-03-21T22:59:40.615Z]  "GET /HeIsRisen/m/assets/symbols/pagan/golden-calf.png" "Mozilla/5.0 (X11; Linux x86_64) AppleWebKit/537.36 (KHTML, like Gecko) HeadlessChrome/145.0.7632.6 Safari/537.36"
[2026-03-21T22:59:40.616Z]  "GET /HeIsRisen/m/assets/symbols/pagan/caesar.png" "Mozilla/5.0 (X11; Linux x86_64) AppleWebKit/537.36 (KHTML, like Gecko) HeadlessChrome/145.0.7632.6 Safari/537.36"
[2026-03-21T22:59:40.616Z]  "GET /HeIsRisen/m/assets/symbols/pagan/sun.png" "Mozilla/5.0 (X11; Linux x86_64) AppleWebKit/537.36 (KHTML, like Gecko) HeadlessChrome/145.0.7632.6 Safari/537.36"
[2026-03-21T22:59:40.634Z]  "GET /HeIsRisen/m/assets/symbols/pagan/3-spi-wiccan.png" "Mozilla/5.0 (X11; Linux x86_64) AppleWebKit/537.36 (KHTML, like Gecko) HeadlessChrome/145.0.7632.6 Safari/537.36"
[2026-03-21T22:59:40.636Z]  "GET /HeIsRisen/m/assets/symbols/pagan/viper.png" "Mozilla/5.0 (X11; Linux x86_64) AppleWebKit/537.36 (KHTML, like Gecko) HeadlessChrome/145.0.7632.6 Safari/537.36"
[2026-03-21T22:59:40.652Z]  "GET /HeIsRisen/m/assets/symbols/pagan/aries.png" "Mozilla/5.0 (X11; Linux x86_64) AppleWebKit/537.36 (KHTML, like Gecko) HeadlessChrome/145.0.7632.6 Safari/537.36"
[2026-03-21T22:59:40.653Z]  "GET /HeIsRisen/m/assets/symbols/pagan/amulet.png" "Mozilla/5.0 (X11; Linux x86_64) AppleWebKit/537.36 (KHTML, like Gecko) HeadlessChrome/145.0.7632.6 Safari/537.36"
[2026-03-21T22:59:40.655Z]  "GET /HeIsRisen/m/assets/symbols/pagan/ankh.png" "Mozilla/5.0 (X11; Linux x86_64) AppleWebKit/537.36 (KHTML, like Gecko) HeadlessChrome/145.0.7632.6 Safari/537.36"
[2026-03-21T22:59:40.655Z]  "GET /HeIsRisen/m/assets/symbols/pagan/aztec-temple.png" "Mozilla/5.0 (X11; Linux x86_64) AppleWebKit/537.36 (KHTML, like Gecko) HeadlessChrome/145.0.7632.6 Safari/537.36"
[2026-03-21T22:59:40.656Z]  "GET /HeIsRisen/m/assets/symbols/pagan/celtic-rune.png" "Mozilla/5.0 (X11; Linux x86_64) AppleWebKit/537.36 (KHTML, like Gecko) HeadlessChrome/145.0.7632.6 Safari/537.36"
[2026-03-21T22:59:40.656Z]  "GET /HeIsRisen/m/assets/symbols/pagan/celtic-tree.png" "Mozilla/5.0 (X11; Linux x86_64) AppleWebKit/537.36 (KHTML, like Gecko) HeadlessChrome/145.0.7632.6 Safari/537.36"
[2026-03-21T22:59:40.664Z]  "GET /HeIsRisen/m/assets/symbols/pagan/chakana.png" "Mozilla/5.0 (X11; Linux x86_64) AppleWebKit/537.36 (KHTML, like Gecko) HeadlessChrome/145.0.7632.6 Safari/537.36"
[2026-03-21T22:59:40.671Z]  "GET /HeIsRisen/m/assets/symbols/pagan/confucianism.png" "Mozilla/5.0 (X11; Linux x86_64) AppleWebKit/537.36 (KHTML, like Gecko) HeadlessChrome/145.0.7632.6 Safari/537.36"
[2026-03-21T22:59:40.679Z]  "GET /HeIsRisen/m/assets/symbols/pagan/ganesh.png" "Mozilla/5.0 (X11; Linux x86_64) AppleWebKit/537.36 (KHTML, like Gecko) HeadlessChrome/145.0.7632.6 Safari/537.36"
[2026-03-21T22:59:40.700Z]  "GET /HeIsRisen/m/assets/symbols/pagan/hecates-wheel-wiccan.png" "Mozilla/5.0 (X11; Linux x86_64) AppleWebKit/537.36 (KHTML, like Gecko) HeadlessChrome/145.0.7632.6 Safari/537.36"
[2026-03-21T22:59:40.700Z]  "GET /HeIsRisen/m/assets/symbols/pagan/hindu-om.png" "Mozilla/5.0 (X11; Linux x86_64) AppleWebKit/537.36 (KHTML, like Gecko) HeadlessChrome/145.0.7632.6 Safari/537.36"
[2026-03-21T22:59:40.701Z]  "GET /HeIsRisen/m/assets/symbols/pagan/knotty-celt.png" "Mozilla/5.0 (X11; Linux x86_64) AppleWebKit/537.36 (KHTML, like Gecko) HeadlessChrome/145.0.7632.6 Safari/537.36"
[2026-03-21T22:59:40.701Z]  "GET /HeIsRisen/m/assets/symbols/pagan/moon-celtic.png" "Mozilla/5.0 (X11; Linux x86_64) AppleWebKit/537.36 (KHTML, like Gecko) HeadlessChrome/145.0.7632.6 Safari/537.36"
[2026-03-21T22:59:40.701Z]  "GET /HeIsRisen/m/assets/symbols/pagan/mystical.png" "Mozilla/5.0 (X11; Linux x86_64) AppleWebKit/537.36 (KHTML, like Gecko) HeadlessChrome/145.0.7632.6 Safari/537.36"
[2026-03-21T22:59:40.709Z]  "GET /HeIsRisen/m/assets/symbols/pagan/pagan-cross.png" "Mozilla/5.0 (X11; Linux x86_64) AppleWebKit/537.36 (KHTML, like Gecko) HeadlessChrome/145.0.7632.6 Safari/537.36"
[2026-03-21T22:59:40.716Z]  "GET /HeIsRisen/m/assets/symbols/pagan/pagan-cross1.png" "Mozilla/5.0 (X11; Linux x86_64) AppleWebKit/537.36 (KHTML, like Gecko) HeadlessChrome/145.0.7632.6 Safari/537.36"
[2026-03-21T22:59:40.717Z]  "GET /HeIsRisen/m/assets/symbols/pagan/paganism.png" "Mozilla/5.0 (X11; Linux x86_64) AppleWebKit/537.36 (KHTML, like Gecko) HeadlessChrome/145.0.7632.6 Safari/537.36"
[2026-03-21T22:59:40.717Z]  "GET /HeIsRisen/m/assets/symbols/pagan/ramadan.png" "Mozilla/5.0 (X11; Linux x86_64) AppleWebKit/537.36 (KHTML, like Gecko) HeadlessChrome/145.0.7632.6 Safari/537.36"
[2026-03-21T22:59:40.719Z]  "GET /HeIsRisen/m/assets/symbols/pagan/sikhism.png" "Mozilla/5.0 (X11; Linux x86_64) AppleWebKit/537.36 (KHTML, like Gecko) HeadlessChrome/145.0.7632.6 Safari/537.36"
[2026-03-21T22:59:40.719Z]  "GET /HeIsRisen/m/assets/symbols/pagan/swastika.png" "Mozilla/5.0 (X11; Linux x86_64) AppleWebKit/537.36 (KHTML, like Gecko) HeadlessChrome/145.0.7632.6 Safari/537.36"
[2026-03-21T22:59:40.719Z]  "GET /HeIsRisen/m/assets/symbols/pagan/tao-yin-yang.png" "Mozilla/5.0 (X11; Linux x86_64) AppleWebKit/537.36 (KHTML, like Gecko) HeadlessChrome/145.0.7632.6 Safari/537.36"
[2026-03-21T22:59:40.739Z]  "GET /HeIsRisen/m/assets/symbols/pagan/tiki-idol.png" "Mozilla/5.0 (X11; Linux x86_64) AppleWebKit/537.36 (KHTML, like Gecko) HeadlessChrome/145.0.7632.6 Safari/537.36"
[2026-03-21T22:59:40.740Z]  "GET /HeIsRisen/m/assets/symbols/pagan/triquetra.png" "Mozilla/5.0 (X11; Linux x86_64) AppleWebKit/537.36 (KHTML, like Gecko) HeadlessChrome/145.0.7632.6 Safari/537.36"
[2026-03-21T22:59:40.744Z]  "GET /HeIsRisen/m/assets/symbols/pagan/valknut.png" "Mozilla/5.0 (X11; Linux x86_64) AppleWebKit/537.36 (KHTML, like Gecko) HeadlessChrome/145.0.7632.6 Safari/537.36"
[2026-03-21T22:59:40.783Z]  "GET /HeIsRisen/m/assets/symbols/christian/cross.png" "Mozilla/5.0 (X11; Linux x86_64) AppleWebKit/537.36 (KHTML, like Gecko) HeadlessChrome/145.0.7632.6 Safari/537.36"
[2026-03-21T22:59:40.788Z]  "GET /HeIsRisen/m/assets/symbols/christian/empty-tomb.png" "Mozilla/5.0 (X11; Linux x86_64) AppleWebKit/537.36 (KHTML, like Gecko) HeadlessChrome/145.0.7632.6 Safari/537.36"
[2026-03-21T22:59:40.794Z]  "GET /HeIsRisen/m/assets/symbols/christian/dove.png" "Mozilla/5.0 (X11; Linux x86_64) AppleWebKit/537.36 (KHTML, like Gecko) HeadlessChrome/145.0.7632.6 Safari/537.36"
[2026-03-21T22:59:40.794Z]  "GET /HeIsRisen/m/assets/symbols/christian/heart.png" "Mozilla/5.0 (X11; Linux x86_64) AppleWebKit/537.36 (KHTML, like Gecko) HeadlessChrome/145.0.7632.6 Safari/537.36"
[2026-03-21T22:59:40.795Z]  "GET /HeIsRisen/m/assets/symbols/christian/angel.png" "Mozilla/5.0 (X11; Linux x86_64) AppleWebKit/537.36 (KHTML, like Gecko) HeadlessChrome/145.0.7632.6 Safari/537.36"
[2026-03-21T22:59:40.795Z]  "GET /HeIsRisen/m/assets/symbols/christian/a-o.png" "Mozilla/5.0 (X11; Linux x86_64) AppleWebKit/537.36 (KHTML, like Gecko) HeadlessChrome/145.0.7632.6 Safari/537.36"
[2026-03-21T22:59:40.796Z]  "GET /HeIsRisen/m/assets/symbols/christian/fish.png" "Mozilla/5.0 (X11; Linux x86_64) AppleWebKit/537.36 (KHTML, like Gecko) HeadlessChrome/145.0.7632.6 Safari/537.36"
[2026-03-21T22:59:40.802Z]  "GET /HeIsRisen/m/assets/symbols/christian/ark.png" "Mozilla/5.0 (X11; Linux x86_64) AppleWebKit/537.36 (KHTML, like Gecko) HeadlessChrome/145.0.7632.6 Safari/537.36"
[2026-03-21T22:59:40.805Z]  "GET /HeIsRisen/m/assets/symbols/christian/bread.png" "Mozilla/5.0 (X11; Linux x86_64) AppleWebKit/537.36 (KHTML, like Gecko) HeadlessChrome/145.0.7632.6 Safari/537.36"
[2026-03-21T22:59:40.806Z]  "GET /HeIsRisen/m/assets/symbols/christian/wine.png" "Mozilla/5.0 (X11; Linux x86_64) AppleWebKit/537.36 (KHTML, like Gecko) HeadlessChrome/145.0.7632.6 Safari/537.36"
[2026-03-21T22:59:40.814Z]  "GET /HeIsRisen/m/assets/symbols/christian/shepherd.png" "Mozilla/5.0 (X11; Linux x86_64) AppleWebKit/537.36 (KHTML, like Gecko) HeadlessChrome/145.0.7632.6 Safari/537.36"
[2026-03-21T22:59:40.817Z]  "GET /HeIsRisen/m/assets/symbols/christian/palm-leaf.png" "Mozilla/5.0 (X11; Linux x86_64) AppleWebKit/537.36 (KHTML, like Gecko) HeadlessChrome/145.0.7632.6 Safari/537.36"
[2026-03-21T22:59:40.822Z]  "GET /HeIsRisen/m/assets/symbols/christian/beth-star.png" "Mozilla/5.0 (X11; Linux x86_64) AppleWebKit/537.36 (KHTML, like Gecko) HeadlessChrome/145.0.7632.6 Safari/537.36"
[2026-03-21T22:59:40.823Z]  "GET /HeIsRisen/m/assets/symbols/christian/bible.png" "Mozilla/5.0 (X11; Linux x86_64) AppleWebKit/537.36 (KHTML, like Gecko) HeadlessChrome/145.0.7632.6 Safari/537.36"
[2026-03-21T22:59:40.823Z]  "GET /HeIsRisen/m/assets/symbols/christian/candle.png" "Mozilla/5.0 (X11; Linux x86_64) AppleWebKit/537.36 (KHTML, like Gecko) HeadlessChrome/145.0.7632.6 Safari/537.36"
[2026-03-21T22:59:40.827Z]  "GET /HeIsRisen/m/assets/symbols/christian/chalice.png" "Mozilla/5.0 (X11; Linux x86_64) AppleWebKit/537.36 (KHTML, like Gecko) HeadlessChrome/145.0.7632.6 Safari/537.36"
[2026-03-21T22:59:40.837Z]  "GET /HeIsRisen/m/assets/symbols/christian/lion.png" "Mozilla/5.0 (X11; Linux x86_64) AppleWebKit/537.36 (KHTML, like Gecko) HeadlessChrome/145.0.7632.6 Safari/537.36"
[2026-03-21T22:59:40.838Z]  "GET /HeIsRisen/m/assets/symbols/christian/pray.png" "Mozilla/5.0 (X11; Linux x86_64) AppleWebKit/537.36 (KHTML, like Gecko) HeadlessChrome/145.0.7632.6 Safari/537.36"
[2026-03-21T22:59:40.839Z]  "GET /HeIsRisen/m/assets/symbols/christian/rainbow.png" "Mozilla/5.0 (X11; Linux x86_64) AppleWebKit/537.36 (KHTML, like Gecko) HeadlessChrome/145.0.7632.6 Safari/537.36"
[2026-03-21T22:59:40.840Z]  "GET /HeIsRisen/m/assets/symbols/christian/star-david.png" "Mozilla/5.0 (X11; Linux x86_64) AppleWebKit/537.36 (KHTML, like Gecko) HeadlessChrome/145.0.7632.6 Safari/537.36"
[2026-03-21T22:59:40.840Z]  "GET /HeIsRisen/m/assets/symbols/christian/manger.png" "Mozilla/5.0 (X11; Linux x86_64) AppleWebKit/537.36 (KHTML, like Gecko) HeadlessChrome/145.0.7632.6 Safari/537.36"
[2026-03-21T22:59:40.840Z]  "GET /HeIsRisen/m/assets/symbols/christian/vine.png" "Mozilla/5.0 (X11; Linux x86_64) AppleWebKit/537.36 (KHTML, like Gecko) HeadlessChrome/145.0.7632.6 Safari/537.36"
[2026-03-21T22:59:40.848Z]  "GET /HeIsRisen/m/assets/symbols/christian/wheat.png" "Mozilla/5.0 (X11; Linux x86_64) AppleWebKit/537.36 (KHTML, like Gecko) HeadlessChrome/145.0.7632.6 Safari/537.36"
[2026-03-21T22:59:40.860Z]  "GET /HeIsRisen/m/assets/symbols/christian/sling.png" "Mozilla/5.0 (X11; Linux x86_64) AppleWebKit/537.36 (KHTML, like Gecko) HeadlessChrome/145.0.7632.6 Safari/537.36"
[2026-03-21T22:59:40.861Z]  "GET /HeIsRisen/m/assets/symbols/christian/star.png" "Mozilla/5.0 (X11; Linux x86_64) AppleWebKit/537.36 (KHTML, like Gecko) HeadlessChrome/145.0.7632.6 Safari/537.36"
[2026-03-21T22:59:40.861Z]  "GET /HeIsRisen/m/assets/symbols/christian/temple.png" "Mozilla/5.0 (X11; Linux x86_64) AppleWebKit/537.36 (KHTML, like Gecko) HeadlessChrome/145.0.7632.6 Safari/537.36"
[2026-03-21T22:59:40.862Z]  "GET /HeIsRisen/m/assets/symbols/pagan/pentagram.png" "Mozilla/5.0 (X11; Linux x86_64) AppleWebKit/537.36 (KHTML, like Gecko) HeadlessChrome/145.0.7632.6 Safari/537.36"
[2026-03-21T22:59:40.862Z]  "GET /HeIsRisen/m/assets/symbols/christian/crown-thorns.png" "Mozilla/5.0 (X11; Linux x86_64) AppleWebKit/537.36 (KHTML, like Gecko) HeadlessChrome/145.0.7632.6 Safari/537.36"
[2026-03-21T22:59:40.862Z]  "GET /HeIsRisen/m/assets/symbols/christian/commandments.png" "Mozilla/5.0 (X11; Linux x86_64) AppleWebKit/537.36 (KHTML, like Gecko) HeadlessChrome/145.0.7632.6 Safari/537.36"
[2026-03-21T22:59:40.877Z]  "GET /HeIsRisen/m/assets/map/sections/yellowstone-geology.jpg" "Mozilla/5.0 (X11; Linux x86_64) AppleWebKit/537.36 (KHTML, like Gecko) HeadlessChrome/145.0.7632.6 Safari/537.36"
[2026-03-21T22:59:40.877Z]  "GET /HeIsRisen/m/assets/symbols/christian/anchor.png" "Mozilla/5.0 (X11; Linux x86_64) AppleWebKit/537.36 (KHTML, like Gecko) HeadlessChrome/145.0.7632.6 Safari/537.36"
[2026-03-21T22:59:40.878Z]  "GET /HeIsRisen/m/assets/symbols/christian/lily.png" "Mozilla/5.0 (X11; Linux x86_64) AppleWebKit/537.36 (KHTML, like Gecko) HeadlessChrome/145.0.7632.6 Safari/537.36"
[2026-03-21T22:59:40.878Z]  "GET /HeIsRisen/m/assets/map/sections/mammoth-hot-springs.jpg" "Mozilla/5.0 (X11; Linux x86_64) AppleWebKit/537.36 (KHTML, like Gecko) HeadlessChrome/145.0.7632.6 Safari/537.36"
[2026-03-21T22:59:40.971Z]  "GET /HeIsRisen/m/assets/map/sections/norris-geyser-basin.jpg" "Mozilla/5.0 (X11; Linux x86_64) AppleWebKit/537.36 (KHTML, like Gecko) HeadlessChrome/145.0.7632.6 Safari/537.36"
[2026-03-21T22:59:40.972Z]  "GET /HeIsRisen/m/assets/map/sections/grand-canyon-yellowstone.jpg" "Mozilla/5.0 (X11; Linux x86_64) AppleWebKit/537.36 (KHTML, like Gecko) HeadlessChrome/145.0.7632.6 Safari/537.36"
[2026-03-21T22:59:40.974Z]  "GET /HeIsRisen/m/assets/map/sections/yellowstone-wildlife.jpg" "Mozilla/5.0 (X11; Linux x86_64) AppleWebKit/537.36 (KHTML, like Gecko) HeadlessChrome/145.0.7632.6 Safari/537.36"
[2026-03-21T22:59:40.977Z]  "GET /HeIsRisen/m/assets/map/sections/grand-prismatic.jpg" "Mozilla/5.0 (X11; Linux x86_64) AppleWebKit/537.36 (KHTML, like Gecko) HeadlessChrome/145.0.7632.6 Safari/537.36"
[2026-03-21T22:59:40.977Z]  "GET /HeIsRisen/m/assets/map/sections/yellowstone-hydrothermal.jpg" "Mozilla/5.0 (X11; Linux x86_64) AppleWebKit/537.36 (KHTML, like Gecko) HeadlessChrome/145.0.7632.6 Safari/537.36"
[2026-03-21T22:59:40.978Z]  "GET /HeIsRisen/m/assets/map/sections/yellowstone-history.jpg" "Mozilla/5.0 (X11; Linux x86_64) AppleWebKit/537.36 (KHTML, like Gecko) HeadlessChrome/145.0.7632.6 Safari/537.36"
[2026-03-21T22:59:40.987Z]  "GET /HeIsRisen/m/assets/map/sections/old-faithful.jpg" "Mozilla/5.0 (X11; Linux x86_64) AppleWebKit/537.36 (KHTML, like Gecko) HeadlessChrome/145.0.7632.6 Safari/537.36"
[2026-03-21T22:59:40.988Z]  "GET /HeIsRisen/m/assets/map/sections/west-thumb-geyser-basin.jpg" "Mozilla/5.0 (X11; Linux x86_64) AppleWebKit/537.36 (KHTML, like Gecko) HeadlessChrome/145.0.7632.6 Safari/537.36"
[2026-03-21T22:59:41.016Z]  "GET /HeIsRisen/m/assets/map/sections/yellowstone-preservation.jpg" "Mozilla/5.0 (X11; Linux x86_64) AppleWebKit/537.36 (KHTML, like Gecko) HeadlessChrome/145.0.7632.6 Safari/537.36"
[2026-03-21T22:59:41.208Z]  "GET /HeIsRisen/m/assets/video/HeIsRisen-Intro.mp4" "Mozilla/5.0 (X11; Linux x86_64) AppleWebKit/537.36 (KHTML, like Gecko) HeadlessChrome/145.0.7632.6 Safari/537.36"
[2026-03-21T22:59:41.265Z]  "GET /HeIsRisen/m/assets/video/HeIsRisen-Intro.mp4" "Mozilla/5.0 (X11; Linux x86_64) AppleWebKit/537.36 (KHTML, like Gecko) HeadlessChrome/145.0.7632.6 Safari/537.36"
[2026-03-21T22:59:41.390Z]  "GET /HeIsRisen/m/assets/video/HeIsRisen-Intro.mp4" "Mozilla/5.0 (X11; Linux x86_64) AppleWebKit/537.36 (KHTML, like Gecko) HeadlessChrome/145.0.7632.6 Safari/537.36"
[2026-03-21T23:00:21.790Z]  "GET /HeIsRisen/m/assets/video/old-faithful.mp4" "Mozilla/5.0 (X11; Linux x86_64) AppleWebKit/537.36 (KHTML, like Gecko) HeadlessChrome/145.0.7632.6 Safari/537.36"
